// Jest Snapshot v1, https://goo.gl/fbAQLP

exports[`Header Test Header render 1`] = `
<div>
  <header
    class="border-b-2"
  >
    <div
      class="flex flex-column justify-center items-center my-8"
    >
      <ul
        class="flex flex-row justify-center items-center space-x-16 mr-16"
      >
        <li
          class="flex-auto p-4 text-xl"
        >
          <a
            href="/"
          >
            Home
          </a>
        </li>
        <li
          class="flex-auto p-4 text-xl"
        >
          <a
            href="/blog"
          >
            Blog
          </a>
        </li>
      </ul>
      <div>
        <img
          alt="Logo"
          class="cursor-pointer h-24 w-48 bg-black"
          src="[object Object]"
        />
      </div>
      <ul
        class="flex flex-row justify-center items-center space-x-16 ml-16"
      >
        <li
          class="flex-auto p-4 text-xl"
        >
          <a
            href="/about"
          >
            About
          </a>
        </li>
        <li
          class="flex-auto p-4 text-xl"
        >
          <a
            href="/contact"
          >
            Contact
          </a>
        </li>
      </ul>
    </div>
  </header>
</div>
`;
